// Jest Snapshot v1, https://goo.gl/fbAQLP

exports[`ForecastDetails render correctly 1`] = `
<DocumentFragment>
  <div
    class="forecast-details"
  >
    <div
      class="forecast-details-container-1"
    >
      <div
        class="forecast-details__date"
      >
        Thu, 1 Jan
      </div>
      <div
        class="forecast-details__icon"
      >
        <i
          class="wi wi-day-sunny"
          name="owm"
        />
      </div>
      <div
        class="forecast-details__description"
      />
    </div>
    <div
      class="forecast-details-container-2"
    >
      <div
        class="forecast-details__max-temperature"
      >
        <img
          alt="high-temp logo"
          src="high.png"
        />
        19°C
      </div>
      <div
        class="forecast-details__low-temperature"
      >
        <img
          alt="low-temp logo"
          src="low.png"
        />
        10°C
      </div>
      <div
        class="forecast-details__humidity"
      >
        <img
          alt="humidity logo"
          src="humidity.png"
        />
        20%
      </div>
      <div
        class="forecast-details__wind"
      >
        <img
          alt="wind logo"
          src="wind.png"
        />
        13mph s
      </div>
    </div>
  </div>
</DocumentFragment>
`;
